<html>
<body>
<pre>
<h1>µVision Build Log</h1>
<h2>Project:</h2>
C:\Users\victo\Documents\Keil projects\statemachine\statemachine.uvproj
Project File Date:  05/10/2018

<h2>Output:</h2>
Build target 'Target 1'
linking...
Program Size: Code=5268 RO-data=6672 RW-data=40 ZI-data=1632  
".\statemachine.axf" - 0 Error(s), 0 Warning(s).
compiling statemachine.c...
statemachine.c(16): warning:  #1295-D: Deprecated declaration timer_ms_init - give arg types
  void timer_ms_init();
statemachine.c(18): warning:  #1295-D: Deprecated declaration blink - give arg types
  void blink();
statemachine.c(146): warning:  #1-D: last line of file ends without a newline
  }
statemachine.c: 3 warnings, 0 errors
"statemachine.c" - 0 Error(s), 3 Warning(s).
compiling statemachine.c...
statemachine.c(16): warning:  #1295-D: Deprecated declaration timer_ms_init - give arg types
  void timer_ms_init();
statemachine.c(18): warning:  #1295-D: Deprecated declaration blink - give arg types
  void blink();
statemachine.c(146): warning:  #1-D: last line of file ends without a newline
  }
statemachine.c: 3 warnings, 0 errors
"statemachine.c" - 0 Error(s), 3 Warning(s).
